// Jest Snapshot v1, https://goo.gl/fbAQLP

exports[`From structure should match the snapshot 1`] = `null`;
