// Jest Snapshot v1, https://goo.gl/fbAQLP

exports[`Text should match the snapshot 1`] = `
<Text
  allowFontScaling={false}
>
  test
</Text>
`;
