// Jest Snapshot v1, https://goo.gl/fbAQLP

exports[`CardTabPage should match the snapshot 1`] = `
<View
  style={
    Object {
      "flex": 1,
    }
  }
>
  <RNCSafeAreaProvider
    onInsetsChange={[Function]}
    style={
      Array [
        Object {
          "flex": 1,
        },
        undefined,
      ]
    }
  >
    <View
      style={
        Array [
          Object {
            "backgroundColor": "rgb(242, 242, 242)",
            "flex": 1,
          },
          undefined,
        ]
      }
    >
      <RNSScreenContainer
        onLayout={[Function]}
        style={
          Object {
            "flex": 1,
          }
        }
      >
        <RNSScreen
          activityState={2}
          collapsable={false}
          forwardedRef={[Function]}
          pointerEvents="box-none"
          style={
            Object {
              "bottom": 0,
              "left": 0,
              "position": "absolute",
              "right": 0,
              "top": 0,
            }
          }
        >
          <View
            collapsable={false}
            style={
              Object {
                "opacity": 1,
              }
            }
          />
          <View
            accessibilityElementsHidden={false}
            closing={false}
            gestureVelocityImpact={0.3}
            importantForAccessibility="auto"
            onClose={[Function]}
            onGestureBegin={[Function]}
            onGestureCanceled={[Function]}
            onGestureEnd={[Function]}
            onOpen={[Function]}
            onTransition={[Function]}
            pointerEvents="box-none"
            style={
              Array [
                Object {
                  "display": "flex",
                  "overflow": undefined,
                },
                Object {
                  "bottom": 0,
                  "left": 0,
                  "position": "absolute",
                  "right": 0,
                  "top": 0,
                },
              ]
            }
            transitionSpec={
              Object {
                "close": Object {
                  "animation": "spring",
                  "config": Object {
                    "damping": 500,
                    "mass": 3,
                    "overshootClamping": true,
                    "restDisplacementThreshold": 10,
                    "restSpeedThreshold": 10,
                    "stiffness": 1000,
                  },
                },
                "open": Object {
                  "animation": "spring",
                  "config": Object {
                    "damping": 500,
                    "mass": 3,
                    "overshootClamping": true,
                    "restDisplacementThreshold": 10,
                    "restSpeedThreshold": 10,
                    "stiffness": 1000,
                  },
                },
              }
            }
          >
            <View
              collapsable={false}
              pointerEvents="box-none"
              style={
                Object {
                  "flex": 1,
                  "marginTop": 0,
                }
              }
            >
              <View
                collapsable={false}
                forwardedRef={[Function]}
                needsOffscreenAlphaCompositing={false}
                onGestureHandlerEvent={[Function]}
                onGestureHandlerStateChange={[Function]}
                style={
                  Object {
                    "flex": 1,
                    "transform": Array [
                      Object {
                        "translateX": 0,
                      },
                      Object {
                        "translateX": 0,
                      },
                    ],
                  }
                }
              >
                <View
                  style={
                    Array [
                      Object {
                        "flex": 1,
                        "overflow": "hidden",
                      },
                      Array [
                        Object {
                          "backgroundColor": "rgb(242, 242, 242)",
                        },
                        undefined,
                      ],
                    ]
                  }
                >
                  <View
                    style={
                      Object {
                        "flex": 1,
                        "flexDirection": "column-reverse",
                      }
                    }
                  >
                    <View
                      style={
                        Object {
                          "flex": 1,
                        }
                      }
                    >
                      <RCTSafeAreaView
                        backgroundColor={null}
                        emulateUnlessSupported={true}
                        style={
                          Array [
                            Object {
                              "backgroundColor": "#FAFAFA",
                              "flex": 1,
                            },
                            undefined,
                          ]
                        }
                        testID="CardTabPage"
                      >
                        <View
                          style={
                            Array [
                              Object {
                                "alignItems": "center",
                                "height": 108.5,
                                "justifyContent": "center",
                              },
                              undefined,
                            ]
                          }
                        >
                          <View
                            accessible={true}
                            collapsable={false}
                            focusable={true}
                            onClick={[Function]}
                            onResponderGrant={[Function]}
                            onResponderMove={[Function]}
                            onResponderRelease={[Function]}
                            onResponderTerminate={[Function]}
                            onResponderTerminationRequest={[Function]}
                            onStartShouldSetResponder={[Function]}
                            style={
                              Object {
                                "left": 36,
                                "opacity": 1,
                                "position": "absolute",
                                "zIndex": 10,
                              }
                            }
                            testID="MenuButton"
                          >
                            <SvgMock
                              height={54.5}
                              width={54.5}
                            />
                          </View>
                          <Text
                            allowFontScaling={false}
                            style={
                              Array [
                                Object {
                                  "color": "#1F1D25",
                                  "fontFamily": "Poppins-SemiBold",
                                  "fontSize": 29,
                                  "lineHeight": 40,
                                },
                                undefined,
                              ]
                            }
                          >
                            Card
                          </Text>
                        </View>
                        <View
                          onLayout={[Function]}
                          style={
                            Array [
                              Array [
                                Object {
                                  "flex": 1,
                                },
                                undefined,
                              ],
                              Object {
                                "paddingBottom": 0,
                              },
                            ]
                          }
                        >
                          <SvgMock
                            height={271.5}
                            style={
                              Array [
                                Object {
                                  "alignSelf": "center",
                                  "marginVertical": 29,
                                },
                                undefined,
                              ]
                            }
                            testID="CardBanner"
                            width={416.5}
                          />
                          <Text
                            allowFontScaling={false}
                            style={
                              Array [
                                Object {
                                  "color": "#5F6A77",
                                  "fontFamily": "Poppins",
                                  "fontSize": 20,
                                  "lineHeight": 28,
                                  "marginBottom": 29,
                                  "marginHorizontal": 58,
                                  "textAlign": "center",
                                },
                                undefined,
                              ]
                            }
                          >
                            Kinly VisaÂ® Debit Card is issued
 by The Bancorp Bank, Member FDIC.
                          </Text>
                          <RCTScrollView
                            ItemSeparatorComponent={[Function]}
                            contentContainerStyle={
                              Object {
                                "paddingHorizontal": 58,
                              }
                            }
                            data={
                              Array [
                                Object {
                                  "hide": false,
                                  "leftItem": [Function],
                                  "onPress": [Function],
                                  "rightItem": [Function],
                                  "testID": "ActivateCard",
                                  "title": "Activate card",
                                },
                                Object {
                                  "hide": true,
                                  "leftItem": [Function],
                                  "onPress": [Function],
                                  "rightItem": [Function],
                                  "testID": "ChangePIN",
                                  "title": "Change PIN",
                                },
                                Object {
                                  "leftItem": [Function],
                                  "onPress": [Function],
                                  "rightItem": [Function],
                                  "title": "Lock and unlock card",
                                },
                                Object {
                                  "leftItem": [Function],
                                  "onPress": [Function],
                                  "rightItem": [Function],
                                  "title": "Replace card",
                                },
                                Object {
                                  "leftItem": [Function],
                                  "onPress": [Function],
                                  "rightItem": [Function],
                                  "title": "Find ATM",
                                },
                                Object {
                                  "leftItem": [Function],
                                  "onPress": [Function],
                                  "rightItem": [Function],
                                  "title": "Find cash deposit location",
                                },
                              ]
                            }
                            getItem={[Function]}
                            getItemCount={[Function]}
                            keyExtractor={[Function]}
                            onContentSizeChange={[Function]}
                            onLayout={[Function]}
                            onMomentumScrollBegin={[Function]}
                            onMomentumScrollEnd={[Function]}
                            onScroll={[Function]}
                            onScrollBeginDrag={[Function]}
                            onScrollEndDrag={[Function]}
                            removeClippedSubviews={false}
                            renderItem={[Function]}
                            scrollEventThrottle={50}
                            stickyHeaderIndices={Array []}
                            testID="CardTabList"
                            viewabilityConfigCallbackPairs={Array []}
                          >
                            <View>
                              <View
                                onLayout={[Function]}
                                style={null}
                              >
                                <View
                                  accessible={true}
                                  collapsable={false}
                                  focusable={true}
                                  onClick={[Function]}
                                  onResponderGrant={[Function]}
                                  onResponderMove={[Function]}
                                  onResponderRelease={[Function]}
                                  onResponderTerminate={[Function]}
                                  onResponderTerminationRequest={[Function]}
                                  onStartShouldSetResponder={[Function]}
                                  style={
                                    Object {
                                      "alignItems": "center",
                                      "alignSelf": "stretch",
                                      "flexDirection": "row",
                                      "minHeight": 50,
                                      "opacity": 1,
                                    }
                                  }
                                  testID="ActivateCard"
                                >
                                  <SvgMock
                                    height={58}
                                    testID="LeftItem"
                                    width={58}
                                  />
                                  <Text
                                    allowFontScaling={false}
                                    marginLeft={true}
                                    style={
                                      Array [
                                        Object {
                                          "flex": 1,
                                          "fontFamily": "Poppins-SemiBold",
                                          "fontSize": 25.5,
                                          "lineHeight": 35.5,
                                          "marginLeft": 29,
                                        },
                                        null,
                                      ]
                                    }
                                    testID="ItemTitle"
                                  >
                                    Activate card
                                  </Text>
                                  <SvgMock
                                    height={45.5}
                                    testID="RightItem"
                                    width={45.5}
                                  />
                                </View>
                                <View
                                  style={
                                    Array [
                                      Object {
                                        "borderColor": "#F2F3F4",
                                        "borderWidth": 1,
                                        "height": 1,
                                        "width": "100%",
                                      },
                                      undefined,
                                    ]
                                  }
                                />
                              </View>
                              <View
                                onLayout={[Function]}
                                style={null}
                              />
                              <View
                                onLayout={[Function]}
                                style={null}
                              >
                                <View
                                  accessible={true}
                                  collapsable={false}
                                  focusable={true}
                                  onClick={[Function]}
                                  onResponderGrant={[Function]}
                                  onResponderMove={[Function]}
                                  onResponderRelease={[Function]}
                                  onResponderTerminate={[Function]}
                                  onResponderTerminationRequest={[Function]}
                                  onStartShouldSetResponder={[Function]}
                                  style={
                                    Object {
                                      "alignItems": "center",
                                      "alignSelf": "stretch",
                                      "flexDirection": "row",
                                      "minHeight": 50,
                                      "opacity": 1,
                                    }
                                  }
                                  testID="PressableListItemContainer"
                                >
                                  <SvgMock
                                    height={58}
                                    testID="LeftItem"
                                    width={58}
                                  />
                                  <Text
                                    allowFontScaling={false}
                                    marginLeft={true}
                                    style={
                                      Array [
                                        Object {
                                          "flex": 1,
                                          "fontFamily": "Poppins-SemiBold",
                                          "fontSize": 25.5,
                                          "lineHeight": 35.5,
                                          "marginLeft": 29,
                                        },
                                        null,
                                      ]
                                    }
                                    testID="ItemTitle"
                                  >
                                    Lock and unlock card
                                  </Text>
                                  <SvgMock
                                    height={45.5}
                                    testID="RightItem"
                                    width={45.5}
                                  />
                                </View>
                                <View
                                  style={
                                    Array [
                                      Object {
                                        "borderColor": "#F2F3F4",
                                        "borderWidth": 1,
                                        "height": 1,
                                        "width": "100%",
                                      },
                                      undefined,
                                    ]
                                  }
                                />
                              </View>
                              <View
                                onLayout={[Function]}
                                style={null}
                              >
                                <View
                                  accessible={true}
                                  collapsable={false}
                                  focusable={true}
                                  onClick={[Function]}
                                  onResponderGrant={[Function]}
                                  onResponderMove={[Function]}
                                  onResponderRelease={[Function]}
                                  onResponderTerminate={[Function]}
                                  onResponderTerminationRequest={[Function]}
                                  onStartShouldSetResponder={[Function]}
                                  style={
                                    Object {
                                      "alignItems": "center",
                                      "alignSelf": "stretch",
                                      "flexDirection": "row",
                                      "minHeight": 50,
                                      "opacity": 1,
                                    }
                                  }
                                  testID="PressableListItemContainer"
                                >
                                  <SvgMock
                                    height={58}
                                    testID="LeftItem"
                                    width={58}
                                  />
                                  <Text
                                    allowFontScaling={false}
                                    marginLeft={true}
                                    style={
                                      Array [
                                        Object {
                                          "flex": 1,
                                          "fontFamily": "Poppins-SemiBold",
                                          "fontSize": 25.5,
                                          "lineHeight": 35.5,
                                          "marginLeft": 29,
                                        },
                                        null,
                                      ]
                                    }
                                    testID="ItemTitle"
                                  >
                                    Replace card
                                  </Text>
                                  <SvgMock
                                    height={45.5}
                                    testID="RightItem"
                                    width={45.5}
                                  />
                                </View>
                                <View
                                  style={
                                    Array [
                                      Object {
                                        "borderColor": "#F2F3F4",
                                        "borderWidth": 1,
                                        "height": 1,
                                        "width": "100%",
                                      },
                                      undefined,
                                    ]
                                  }
                                />
                              </View>
                              <View
                                onLayout={[Function]}
                                style={null}
                              >
                                <View
                                  accessible={true}
                                  collapsable={false}
                                  focusable={true}
                                  onClick={[Function]}
                                  onResponderGrant={[Function]}
                                  onResponderMove={[Function]}
                                  onResponderRelease={[Function]}
                                  onResponderTerminate={[Function]}
                                  onResponderTerminationRequest={[Function]}
                                  onStartShouldSetResponder={[Function]}
                                  style={
                                    Object {
                                      "alignItems": "center",
                                      "alignSelf": "stretch",
                                      "flexDirection": "row",
                                      "minHeight": 50,
                                      "opacity": 1,
                                    }
                                  }
                                  testID="PressableListItemContainer"
                                >
                                  <SvgMock
                                    height={58}
                                    testID="LeftItem"
                                    width={58}
                                  />
                                  <Text
                                    allowFontScaling={false}
                                    marginLeft={true}
                                    style={
                                      Array [
                                        Object {
                                          "flex": 1,
                                          "fontFamily": "Poppins-SemiBold",
                                          "fontSize": 25.5,
                                          "lineHeight": 35.5,
                                          "marginLeft": 29,
                                        },
                                        null,
                                      ]
                                    }
                                    testID="ItemTitle"
                                  >
                                    Find ATM
                                  </Text>
                                  <SvgMock
                                    height={45.5}
                                    testID="RightItem"
                                    width={45.5}
                                  />
                                </View>
                                <View
                                  style={
                                    Array [
                                      Object {
                                        "borderColor": "#F2F3F4",
                                        "borderWidth": 1,
                                        "height": 1,
                                        "width": "100%",
                                      },
                                      undefined,
                                    ]
                                  }
                                />
                              </View>
                              <View
                                onLayout={[Function]}
                                style={null}
                              >
                                <View
                                  accessible={true}
                                  collapsable={false}
                                  focusable={true}
                                  onClick={[Function]}
                                  onResponderGrant={[Function]}
                                  onResponderMove={[Function]}
                                  onResponderRelease={[Function]}
                                  onResponderTerminate={[Function]}
                                  onResponderTerminationRequest={[Function]}
                                  onStartShouldSetResponder={[Function]}
                                  style={
                                    Object {
                                      "alignItems": "center",
                                      "alignSelf": "stretch",
                                      "flexDirection": "row",
                                      "minHeight": 50,
                                      "opacity": 1,
                                    }
                                  }
                                  testID="PressableListItemContainer"
                                >
                                  <SvgMock
                                    height={58}
                                    testID="LeftItem"
                                    width={58}
                                  />
                                  <Text
                                    allowFontScaling={false}
                                    marginLeft={true}
                                    style={
                                      Array [
                                        Object {
                                          "flex": 1,
                                          "fontFamily": "Poppins-SemiBold",
                                          "fontSize": 25.5,
                                          "lineHeight": 35.5,
                                          "marginLeft": 29,
                                        },
                                        null,
                                      ]
                                    }
                                    testID="ItemTitle"
                                  >
                                    Find cash deposit location
                                  </Text>
                                  <SvgMock
                                    height={45.5}
                                    testID="RightItem"
                                    width={45.5}
                                  />
                                </View>
                              </View>
                            </View>
                          </RCTScrollView>
                          <Modal
                            animationType="none"
                            hardwareAccelerated={false}
                            onRequestClose={[Function]}
                            supportedOrientations={
                              Array [
                                "portrait",
                                "portrait-upside-down",
                                "landscape",
                                "landscape-left",
                                "landscape-right",
                              ]
                            }
                            transparent={true}
                            visible={false}
                          />
                        </View>
                      </RCTSafeAreaView>
                    </View>
                  </View>
                </View>
              </View>
            </View>
          </View>
        </RNSScreen>
      </RNSScreenContainer>
      <View
        collapsable={false}
        pointerEvents="box-none"
        style={
          Object {
            "height": 44,
            "left": 0,
            "position": "absolute",
            "right": 0,
            "top": 0,
            "zIndex": 1,
          }
        }
      />
    </View>
  </RNCSafeAreaProvider>
</View>
`;
