// Jest Snapshot v1, https://goo.gl/fbAQLP

exports[`Dash should match the snapshot 1`] = `
<View
  onLayout={[Function]}
  style={
    Array [
      Object {
        "height": 30,
        "width": 1,
      },
      Object {
        "flexDirection": "row",
      },
    ]
  }
/>
`;
