// Jest Snapshot v1, https://goo.gl/fbAQLP

exports[`EarlyPaycheckSuccessPage should match snapshot 1`] = `
<RCTSafeAreaView
  backgroundColor={null}
  emulateUnlessSupported={true}
  style={
    Array [
      Object {
        "backgroundColor": "#FAFAFA",
        "flex": 1,
      },
      undefined,
    ]
  }
  testID="SecondaryScreenLayout"
>
  <View
    style={
      Array [
        Object {
          "alignItems": "center",
          "height": 108.5,
          "justifyContent": "center",
        },
        undefined,
      ]
    }
  >
    <View
      accessible={true}
      collapsable={false}
      focusable={true}
      onClick={[Function]}
      onResponderGrant={[Function]}
      onResponderMove={[Function]}
      onResponderRelease={[Function]}
      onResponderTerminate={[Function]}
      onResponderTerminationRequest={[Function]}
      onStartShouldSetResponder={[Function]}
      style={
        Object {
          "left": 36,
          "opacity": 1,
          "position": "absolute",
          "zIndex": 10,
        }
      }
      testID="BackButton"
    >
      <SvgMock
        height={45.5}
        width={45.5}
      />
    </View>
  </View>
  <View
    onLayout={[Function]}
    style={
      Array [
        Array [
          Object {
            "flex": 1,
          },
          undefined,
        ],
        Object {
          "paddingBottom": 0,
        },
      ]
    }
  >
    <View
      style={
        Array [
          Object {
            "flex": 1,
            "padding": 58,
          },
          undefined,
        ]
      }
    >
      <SvgMock
        height={108.5}
        style={
          Array [
            Object {
              "alignSelf": "center",
            },
            undefined,
          ]
        }
        width={108.5}
      />
      <Text
        allowFontScaling={false}
        style={
          Array [
            Object {
              "color": "#1F1D25",
              "fontFamily": "Poppins-SemiBold",
              "fontSize": 43.5,
              "lineHeight": 60,
              "marginBottom": 29,
              "marginTop": 87,
              "textAlign": "center",
            },
            undefined,
          ]
        }
      >
        Congratulations!
Direct deposit is set up
      </Text>
      <View
        style={
          Array [
            Object {
              "backgroundColor": "#FFFFFF",
              "borderColor": "#D4D7DB",
              "borderRadius": 10,
              "borderWidth": 1,
              "flexDirection": "row",
              "height": 253.5,
              "marginVertical": 14.5,
              "padding": 29,
            },
            undefined,
          ]
        }
      >
        <SvgMock
          height={108.5}
          style={
            Array [
              Object {
                "alignSelf": "center",
              },
              undefined,
            ]
          }
          width={108.5}
        />
        <View
          style={
            Array [
              Object {
                "flex": 1,
                "paddingLeft": 29,
              },
              undefined,
            ]
          }
        >
          <Text
            allowFontScaling={false}
            style={
              Array [
                Object {
                  "color": "#1F1D25",
                  "fontFamily": "Poppins-SemiBold",
                  "fontSize": 25.5,
                  "lineHeight": 35.5,
                  "marginBottom": 3.5,
                },
                undefined,
              ]
            }
          >
            Kinly Overdraft
          </Text>
          <Text
            allowFontScaling={false}
            style={
              Array [
                Object {
                  "color": "#1F1D25",
                  "fontFamily": "Poppins",
                  "fontSize": 25.5,
                  "lineHeight": 35.5,
                },
                undefined,
              ]
            }
          >
            Continue receiving direct deposits of at least $1,000 over 35 calendar days. We’ll let you know when it’s ready! [object Object]
          </Text>
        </View>
      </View>
      <View
        accessibilityState={
          Object {
            "disabled": false,
          }
        }
        accessible={true}
        collapsable={false}
        focusable={true}
        onClick={[Function]}
        onResponderGrant={[Function]}
        onResponderMove={[Function]}
        onResponderRelease={[Function]}
        onResponderTerminate={[Function]}
        onResponderTerminationRequest={[Function]}
        onStartShouldSetResponder={[Function]}
        style={
          Object {
            "alignSelf": "stretch",
            "backgroundColor": "#3D3397",
            "borderRadius": 10,
            "marginTop": "auto",
            "opacity": 1,
            "paddingHorizontal": 45.5,
            "paddingVertical": 31,
          }
        }
        testID="earlyPaycheckSuccessButton"
      >
        <Text
          allowFontScaling={false}
          disabled={false}
          style={
            Array [
              Object {
                "color": "#FFFFFF",
                "fontFamily": "Poppins-SemiBold",
                "fontSize": 25.5,
                "lineHeight": 35.5,
                "textAlign": "center",
              },
              undefined,
            ]
          }
        >
          Got it
        </Text>
      </View>
    </View>
    <Modal
      animationType="none"
      hardwareAccelerated={false}
      onRequestClose={[Function]}
      supportedOrientations={
        Array [
          "portrait",
          "portrait-upside-down",
          "landscape",
          "landscape-left",
          "landscape-right",
        ]
      }
      transparent={true}
      visible={false}
    />
  </View>
</RCTSafeAreaView>
`;
