// Jest Snapshot v1, https://goo.gl/fbAQLP

exports[`BottomSheet should match the snapshot 1`] = `
<Modal
  animationType="none"
  hardwareAccelerated={false}
  onRequestClose={[Function]}
  supportedOrientations={
    Array [
      "portrait",
      "portrait-upside-down",
      "landscape",
      "landscape-left",
      "landscape-right",
    ]
  }
  transparent={true}
  visible={true}
>
  <View
    onLayout={[Function]}
    style={
      Array [
        Array [
          Object {
            "backgroundColor": "#00000077",
            "flex": 1,
          },
          undefined,
        ],
        Object {
          "paddingBottom": 0,
        },
      ]
    }
  >
    <View
      accessible={true}
      collapsable={false}
      focusable={true}
      onClick={[Function]}
      onResponderGrant={[Function]}
      onResponderMove={[Function]}
      onResponderRelease={[Function]}
      onResponderTerminate={[Function]}
      onResponderTerminationRequest={[Function]}
      onStartShouldSetResponder={[Function]}
      style={
        Object {
          "backgroundColor": "transparent",
          "flex": 1,
          "opacity": 1,
        }
      }
    />
    <View
      collapsable={false}
      onMoveShouldSetResponder={[Function]}
      onMoveShouldSetResponderCapture={[Function]}
      onResponderEnd={[Function]}
      onResponderGrant={[Function]}
      onResponderMove={[Function]}
      onResponderReject={[Function]}
      onResponderRelease={[Function]}
      onResponderStart={[Function]}
      onResponderTerminate={[Function]}
      onResponderTerminationRequest={[Function]}
      onStartShouldSetResponder={[Function]}
      onStartShouldSetResponderCapture={[Function]}
      style={
        Object {
          "backgroundColor": "#fff",
          "height": 0,
          "overflow": "hidden",
          "transform": Array [
            Object {
              "translateX": 0,
            },
            Object {
              "translateY": 0,
            },
          ],
          "width": "100%",
        }
      }
    >
      <Text
        allowFontScaling={false}
      >
        Hi
      </Text>
    </View>
  </View>
</Modal>
`;
