// Jest Snapshot v1, https://goo.gl/fbAQLP

exports[`IconSvg should match the snapshot 1`] = `
<SvgMock
  height={100}
  width={100}
/>
`;
